// Jest Snapshot v1, https://goo.gl/fbAQLP

exports[`<Header /> should render without blowing up 1`] = `
<Fragment>
  <styled.div>
    <Link
      replace={false}
      to="/"
    >
      <Styled(styled.img) />
    </Link>
    <Styled(styled.div) />
    <styled.div
      onClick={[Function]}
    >
      Menu
    </styled.div>
    <styled.div>
      <Styled(Styled(Link))
        key="/directory"
        to="/directory"
      >
        Font Directory
      </Styled(Styled(Link))>
      <Styled(Styled(Link))
        key="/"
        to="/"
      >
        Sites using free fonts
      </Styled(Styled(Link))>
      <Styled(Styled(Link))
        key="/about"
        to="/about"
      >
        About
      </Styled(Styled(Link))>
      <styled.a
        href="https://twitter.com/typeparty_"
        target="_blank"
      >
        <styled.img
          alt="Twitter Type Party"
          src="test-file-stub"
        />
      </styled.a>
    </styled.div>
  </styled.div>
  <styled.hr />
  <MobileNav
    open={false}
  />
</Fragment>
`;
